/*
MY TITLE.
*/

//golangcitest:args -Egoheader
//golangcitest:config_path testdata/goheader.yml
package sample
