// mycompany.com
// SPDX-License-Identifier: Foo

// Package foo
package foo

func _() { println("Foo") }
