// A 2020
// B
// A 2021
// C
// TEXT

package regexpvalue
